// Jest Snapshot v1, https://goo.gl/fbAQLP

exports[`Impressum renders correctly 1`] = `
<a
  href="/pages/impressum"
>
  Impressum
</a>
`;
